// Jest Snapshot v1, https://goo.gl/fbAQLP

exports[`<Table/> testing component Check component renders should render snapshot 1`] = `
<div
  className="container-fluid"
>
  <table
    className="table"
  >
    <thead
      className=""
      style={
        Object {
          "backgroundColor": "#F1F0FF",
        }
      }
    >
      <tr>
        <th
          scope="col"
        >
          No
        </th>
        <th
          scope="col"
        >
          Title
        </th>
        <th
          scope="col"
        >
          State
        </th>
        <th
          scope="col"
        >
          User
        </th>
        <th
          scope="col"
        >
          Link
        </th>
        <th
          scope="col"
        >
          Detail
        </th>
      </tr>
    </thead>
    <tbody />
  </table>
</div>
`;
