// Jest Snapshot v1, https://goo.gl/fbAQLP

exports[`<Main/> testing component Check component renders should render with given state from Redux store 1`] = `
Object {
  "asFragment": [Function],
  "baseElement": <body>
    <div>
      <div
        class="container-fluid"
        id="layout"
      >
        <div
          class="col-md-12 row py-0"
          id="top-section"
          style="height: 60px;"
        >
          <div
            class="col-md-2 col-12 row mx-auto py-2"
            id="layout-logo"
          >
            <div
              class="col-2 my-auto"
            >
              <h1
                class="mx-auto"
                id="logo-main"
                style="font-size: 3vh;"
              >
                gitIssue
              </h1>
            </div>
          </div>
          <div
            class="col-md-10 layout"
            id="layout-menu"
          >
            <nav
              class="navbar navbar-expand-md  mt-1"
              style="height: 55px;"
            >
              <div
                class="collapse navbar-collapse col"
                id="navbarCollapse"
              >
                <form
                  class="form-inline"
                  role="form"
                >
                  <div
                    class="form-group"
                  >
                    <input
                      class="form-control"
                      placeholder="Search"
                      required=""
                      type="text"
                    />
                  </div>
                  <div
                    class="input-group-append ml-1"
                  >
                    <button
                      class="btn btn-block"
                      style="background-color: rgb(68, 50, 102); color: white;"
                      type="submit"
                    >
                      <svg
                        fill="currentColor"
                        height="1em"
                        stroke="currentColor"
                        stroke-width="0"
                        viewBox="0 0 512 512"
                        width="1em"
                        xmlns="http://www.w3.org/2000/svg"
                      >
                        <path
                          d="M505 442.7L405.3 343c-4.5-4.5-10.6-7-17-7H372c27.6-35.3 44-79.7 44-128C416 93.1 322.9 0 208 0S0 93.1 0 208s93.1 208 208 208c48.3 0 92.7-16.4 128-44v16.3c0 6.4 2.5 12.5 7 17l99.7 99.7c9.4 9.4 24.6 9.4 33.9 0l28.3-28.3c9.4-9.4 9.4-24.6.1-34zM208 336c-70.7 0-128-57.2-128-128 0-70.7 57.2-128 128-128 70.7 0 128 57.2 128 128 0 70.7-57.2 128-128 128z"
                        />
                      </svg>
                    </button>
                  </div>
                </form>
              </div>
              <div
                class="navbar-nav"
              >
                <p
                  class="nav-item col"
                >
                  Username
                </p>
                <a
                  class="nav-item col"
                  href="#"
                >
                  <svg
                    fill="currentColor"
                    height="1em"
                    stroke="currentColor"
                    stroke-width="0"
                    viewBox="0 0 24 24"
                    width="1em"
                    xmlns="http://www.w3.org/2000/svg"
                  >
                    <g>
                      <path
                        d="M0 0h24v24H0z"
                        fill="none"
                      />
                      <path
                        d="M5 22a1 1 0 0 1-1-1V3a1 1 0 0 1 1-1h14a1 1 0 0 1 1 1v3h-2V4H6v16h12v-2h2v3a1 1 0 0 1-1 1H5zm13-6v-3h-7v-2h7V8l5 4-5 4z"
                      />
                    </g>
                  </svg>
                </a>
              </div>
            </nav>
          </div>
        </div>
        <div
          class="col-md-12 row "
          id="bottom-section"
        >
          <div
            class="col-md-2 px-0"
            id="layout-sidemenu"
            style="height: 703px;"
          >
            <div
              class="list-group borderless mt-4 border-0 mx-0"
              id="sidebar"
            >
              <a
                aria-current="page"
                class="list-group-item list-group-item-action border-0 bg-transparent active"
                href="/"
                style="color: grey;"
              >
                <i
                  class="fa fa-home"
                />
                 Main
              </a>
              <a
                class="list-group-item list-group-item-action border-0 bg-transparent "
                href="/issues"
                style="color: rgb(140, 72, 159);"
              >
                <i
                  class="fa fa-camera"
                />
                 Issues
              </a>
              <a
                class="list-group-item list-group-item-action border-0 bg-transparent"
                href="/inspection"
                style="color: rgb(140, 72, 159);"
              >
                <i
                  class="fa fa-music"
                />
                 Inspection
              </a>
            </div>
          </div>
          <div
            class="col-md-10"
            id="layout-dashboard overflow-auto"
            style="height: 703px;"
          >
            <div>
              Nothing to see here
            </div>
          </div>
        </div>
      </div>
    </div>
  </body>,
  "container": <div>
    <div
      class="container-fluid"
      id="layout"
    >
      <div
        class="col-md-12 row py-0"
        id="top-section"
        style="height: 60px;"
      >
        <div
          class="col-md-2 col-12 row mx-auto py-2"
          id="layout-logo"
        >
          <div
            class="col-2 my-auto"
          >
            <h1
              class="mx-auto"
              id="logo-main"
              style="font-size: 3vh;"
            >
              gitIssue
            </h1>
          </div>
        </div>
        <div
          class="col-md-10 layout"
          id="layout-menu"
        >
          <nav
            class="navbar navbar-expand-md  mt-1"
            style="height: 55px;"
          >
            <div
              class="collapse navbar-collapse col"
              id="navbarCollapse"
            >
              <form
                class="form-inline"
                role="form"
              >
                <div
                  class="form-group"
                >
                  <input
                    class="form-control"
                    placeholder="Search"
                    required=""
                    type="text"
                  />
                </div>
                <div
                  class="input-group-append ml-1"
                >
                  <button
                    class="btn btn-block"
                    style="background-color: rgb(68, 50, 102); color: white;"
                    type="submit"
                  >
                    <svg
                      fill="currentColor"
                      height="1em"
                      stroke="currentColor"
                      stroke-width="0"
                      viewBox="0 0 512 512"
                      width="1em"
                      xmlns="http://www.w3.org/2000/svg"
                    >
                      <path
                        d="M505 442.7L405.3 343c-4.5-4.5-10.6-7-17-7H372c27.6-35.3 44-79.7 44-128C416 93.1 322.9 0 208 0S0 93.1 0 208s93.1 208 208 208c48.3 0 92.7-16.4 128-44v16.3c0 6.4 2.5 12.5 7 17l99.7 99.7c9.4 9.4 24.6 9.4 33.9 0l28.3-28.3c9.4-9.4 9.4-24.6.1-34zM208 336c-70.7 0-128-57.2-128-128 0-70.7 57.2-128 128-128 70.7 0 128 57.2 128 128 0 70.7-57.2 128-128 128z"
                      />
                    </svg>
                  </button>
                </div>
              </form>
            </div>
            <div
              class="navbar-nav"
            >
              <p
                class="nav-item col"
              >
                Username
              </p>
              <a
                class="nav-item col"
                href="#"
              >
                <svg
                  fill="currentColor"
                  height="1em"
                  stroke="currentColor"
                  stroke-width="0"
                  viewBox="0 0 24 24"
                  width="1em"
                  xmlns="http://www.w3.org/2000/svg"
                >
                  <g>
                    <path
                      d="M0 0h24v24H0z"
                      fill="none"
                    />
                    <path
                      d="M5 22a1 1 0 0 1-1-1V3a1 1 0 0 1 1-1h14a1 1 0 0 1 1 1v3h-2V4H6v16h12v-2h2v3a1 1 0 0 1-1 1H5zm13-6v-3h-7v-2h7V8l5 4-5 4z"
                    />
                  </g>
                </svg>
              </a>
            </div>
          </nav>
        </div>
      </div>
      <div
        class="col-md-12 row "
        id="bottom-section"
      >
        <div
          class="col-md-2 px-0"
          id="layout-sidemenu"
          style="height: 703px;"
        >
          <div
            class="list-group borderless mt-4 border-0 mx-0"
            id="sidebar"
          >
            <a
              aria-current="page"
              class="list-group-item list-group-item-action border-0 bg-transparent active"
              href="/"
              style="color: grey;"
            >
              <i
                class="fa fa-home"
              />
               Main
            </a>
            <a
              class="list-group-item list-group-item-action border-0 bg-transparent "
              href="/issues"
              style="color: rgb(140, 72, 159);"
            >
              <i
                class="fa fa-camera"
              />
               Issues
            </a>
            <a
              class="list-group-item list-group-item-action border-0 bg-transparent"
              href="/inspection"
              style="color: rgb(140, 72, 159);"
            >
              <i
                class="fa fa-music"
              />
               Inspection
            </a>
          </div>
        </div>
        <div
          class="col-md-10"
          id="layout-dashboard overflow-auto"
          style="height: 703px;"
        >
          <div>
            Nothing to see here
          </div>
        </div>
      </div>
    </div>
  </div>,
  "debug": [Function],
  "findAllByAltText": [Function],
  "findAllByDisplayValue": [Function],
  "findAllByLabelText": [Function],
  "findAllByPlaceholderText": [Function],
  "findAllByRole": [Function],
  "findAllByTestId": [Function],
  "findAllByText": [Function],
  "findAllByTitle": [Function],
  "findByAltText": [Function],
  "findByDisplayValue": [Function],
  "findByLabelText": [Function],
  "findByPlaceholderText": [Function],
  "findByRole": [Function],
  "findByTestId": [Function],
  "findByText": [Function],
  "findByTitle": [Function],
  "getAllByAltText": [Function],
  "getAllByDisplayValue": [Function],
  "getAllByLabelText": [Function],
  "getAllByPlaceholderText": [Function],
  "getAllByRole": [Function],
  "getAllByTestId": [Function],
  "getAllByText": [Function],
  "getAllByTitle": [Function],
  "getByAltText": [Function],
  "getByDisplayValue": [Function],
  "getByLabelText": [Function],
  "getByPlaceholderText": [Function],
  "getByRole": [Function],
  "getByTestId": [Function],
  "getByText": [Function],
  "getByTitle": [Function],
  "queryAllByAltText": [Function],
  "queryAllByDisplayValue": [Function],
  "queryAllByLabelText": [Function],
  "queryAllByPlaceholderText": [Function],
  "queryAllByRole": [Function],
  "queryAllByTestId": [Function],
  "queryAllByText": [Function],
  "queryAllByTitle": [Function],
  "queryByAltText": [Function],
  "queryByDisplayValue": [Function],
  "queryByLabelText": [Function],
  "queryByPlaceholderText": [Function],
  "queryByRole": [Function],
  "queryByTestId": [Function],
  "queryByText": [Function],
  "queryByTitle": [Function],
  "rerender": [Function],
  "unmount": [Function],
}
`;
